[startup] Aura Backend running on http://localhost:3000
[http] GET /health → 200 (2ms)
[http] GET /health → 200 (0ms)
10 | const missing = required.filter((k) => !process.env[k]);
11 | if (missing.length) {
12 |   console.warn(`[startup] Missing env vars (using defaults): ${missing.join(", ")}`);
13 | }
14 | 
15 | const server = Bun.serve({
                        ^
error: Failed to start server. Is port 3000 in use?
 syscall: "listen",
   errno: 0,
    code: "EADDRINUSE"

      at /Users/sergio/aura-apps/apps/backend/src/serve.ts:15:20
10 | const missing = required.filter((k) => !process.env[k]);
11 | if (missing.length) {
12 |   console.warn(`[startup] Missing env vars (using defaults): ${missing.join(", ")}`);
13 | }
14 | 
15 | const server = Bun.serve({
                        ^
error: Failed to start server. Is port 3000 in use?
 syscall: "listen",
   errno: 0,
    code: "EADDRINUSE"

      at /Users/sergio/aura-apps/apps/backend/src/serve.ts:15:20
10 | const missing = required.filter((k) => !process.env[k]);
11 | if (missing.length) {
12 |   console.warn(`[startup] Missing env vars (using defaults): ${missing.join(", ")}`);
13 | }
14 | 
15 | const server = Bun.serve({
                        ^
error: Failed to start server. Is port 3000 in use?
 syscall: "listen",
   errno: 0,
    code: "EADDRINUSE"

      at /Users/sergio/aura-apps/apps/backend/src/serve.ts:15:20
10 | const missing = required.filter((k) => !process.env[k]);
11 | if (missing.length) {
12 |   console.warn(`[startup] Missing env vars (using defaults): ${missing.join(", ")}`);
13 | }
14 | 
15 | const server = Bun.serve({
                        ^
error: Failed to start server. Is port 3000 in use?
 syscall: "listen",
   errno: 0,
    code: "EADDRINUSE"

      at /Users/sergio/aura-apps/apps/backend/src/serve.ts:15:20
10 | const missing = required.filter((k) => !process.env[k]);
11 | if (missing.length) {
12 |   console.warn(`[startup] Missing env vars (using defaults): ${missing.join(", ")}`);
13 | }
14 | 
15 | const server = Bun.serve({
                        ^
error: Failed to start server. Is port 3000 in use?
 syscall: "listen",
   errno: 0,
    code: "EADDRINUSE"

      at /Users/sergio/aura-apps/apps/backend/src/serve.ts:15:20
10 | const missing = required.filter((k) => !process.env[k]);
11 | if (missing.length) {
12 |   console.warn(`[startup] Missing env vars (using defaults): ${missing.join(", ")}`);
13 | }
14 | 
15 | const server = Bun.serve({
                        ^
error: Failed to start server. Is port 3000 in use?
 syscall: "listen",
   errno: 0,
    code: "EADDRINUSE"

      at /Users/sergio/aura-apps/apps/backend/src/serve.ts:15:20
10 | const missing = required.filter((k) => !process.env[k]);
11 | if (missing.length) {
12 |   console.warn(`[startup] Missing env vars (using defaults): ${missing.join(", ")}`);
13 | }
14 | 
15 | const server = Bun.serve({
                        ^
error: Failed to start server. Is port 3000 in use?
 syscall: "listen",
   errno: 0,
    code: "EADDRINUSE"

      at /Users/sergio/aura-apps/apps/backend/src/serve.ts:15:20
[startup] Aura Backend running on http://localhost:3000
[startup] Aura Backend running on http://localhost:3000
38 |   async queryWithCache(queryString, params, query) {
39 |     if (this.cache === void 0 || is(this.cache, NoopCache) || this.queryMetadata === void 0) {
40 |       try {
41 |         return await query();
42 |       } catch (e) {
43 |         throw new DrizzleQueryError(queryString, params, e);
                   ^
error: Failed query: insert into "sessions" ("id", "user_id", "start_time", "end_time", "total_points", "move_count", "status") values (?, ?, ?, null, ?, ?, ?)
params: 9f94c1de-cbd1-41d3-a9e2-bb143262082e,test-user-1,1785973328378,0,0,active
  query: "insert into \"sessions\" (\"id\", \"user_id\", \"start_time\", \"end_time\", \"total_points\", \"move_count\", \"status\") values (?, ?, ?, null, ?, ?, ?)",
 params: [
  "9f94c1de-cbd1-41d3-a9e2-bb143262082e", "test-user-1", 1785973328378, 0, 0, "active"
],

      at queryWithCache (/Users/sergio/aura-apps/node_modules/.pnpm/drizzle-orm@0.45.2_@libsql+client@0.17.4_bun-types@1.3.14_expo-sqlite@14.0.6_expo@52.0._f87e9e67ad0aab5964d9d6518e722543/node_modules/drizzle-orm/sqlite-core/session.js:43:15)
      at async run (/Users/sergio/aura-apps/node_modules/.pnpm/drizzle-orm@0.45.2_@libsql+client@0.17.4_bun-types@1.3.14_expo-sqlite@14.0.6_expo@52.0._f87e9e67ad0aab5964d9d6518e722543/node_modules/drizzle-orm/libsql/session.js:121:23)

430 | }
431 | function mapSqliteError(e) {
432 |     if (e instanceof Database.SqliteError) {
433 |         const extendedCode = e.code;
434 |         const code = mapToBaseCode(e.rawCode);
435 |         return new LibsqlError(e.message, code, extendedCode, e.rawCode, e);
                     ^
LibsqlError: SQLITE_CONSTRAINT: FOREIGN KEY constraint failed
 extendedCode: "SQLITE_CONSTRAINT_FOREIGNKEY",
    rawCode: 787,
       code: "SQLITE_CONSTRAINT"

      at mapSqliteError (/Users/sergio/aura-apps/node_modules/.pnpm/@libsql+client@0.17.4/node_modules/@libsql/client/lib-esm/sqlite3.js:435:16)
      at executeStmt (/Users/sergio/aura-apps/node_modules/.pnpm/@libsql+client@0.17.4/node_modules/@libsql/client/lib-esm/sqlite3.js:338:15)
      at execute (/Users/sergio/aura-apps/node_modules/.pnpm/@libsql+client@0.17.4/node_modules/@libsql/client/lib-esm/sqlite3.js:83:16)
      at <anonymous> (/Users/sergio/aura-apps/node_modules/.pnpm/drizzle-orm@0.45.2_@libsql+client@0.17.4_bun-types@1.3.14_expo-sqlite@14.0.6_expo@52.0._f87e9e67ad0aab5964d9d6518e722543/node_modules/drizzle-orm/libsql/session.js:123:60)
      at queryWithCache (/Users/sergio/aura-apps/node_modules/.pnpm/drizzle-orm@0.45.2_@libsql+client@0.17.4_bun-types@1.3.14_expo-sqlite@14.0.6_expo@52.0._f87e9e67ad0aab5964d9d6518e722543/node_modules/drizzle-orm/sqlite-core/session.js:41:22)
      at run (/Users/sergio/aura-apps/node_modules/.pnpm/drizzle-orm@0.45.2_@libsql+client@0.17.4_bun-types@1.3.14_expo-sqlite@14.0.6_expo@52.0._f87e9e67ad0aab5964d9d6518e722543/node_modules/drizzle-orm/libsql/session.js:121:23)
      at execute (/Users/sergio/aura-apps/node_modules/.pnpm/drizzle-orm@0.45.2_@libsql+client@0.17.4_bun-types@1.3.14_expo-sqlite@14.0.6_expo@52.0._f87e9e67ad0aab5964d9d6518e722543/node_modules/drizzle-orm/sqlite-core/query-builders/insert.js:174:54)
      at then (/Users/sergio/aura-apps/node_modules/.pnpm/drizzle-orm@0.45.2_@libsql+client@0.17.4_bun-types@1.3.14_expo-sqlite@14.0.6_expo@52.0._f87e9e67ad0aab5964d9d6518e722543/node_modules/drizzle-orm/query-promise.js:21:17)

[http] POST /sessions → 500 (18ms)
[startup] Aura Backend running on http://localhost:3000
[startup] Aura Backend running on http://localhost:3000
[startup] Aura Backend running on http://localhost:3000
[startup] Aura Backend running on http://localhost:3000
[startup] Aura Backend running on http://localhost:3000
[startup] Aura Backend running on http://localhost:3000
[http] GET /ws → 200 (2ms)
[http] GET /ws → 200 (0ms)
[http] GET /health → 200 (2ms)
[http] GET /users → 200 (9ms)
[http] GET /sessions/leaderboard → 200 (2ms)
[http] GET /ws → 200 (0ms)
[startup] Aura Backend running on http://localhost:3000
[startup] Aura Backend running on http://localhost:3000
[http] GET /health → 200 (1ms)
[http] GET /ws → 200 (1ms)
[startup] Aura Backend running on http://localhost:3000
[http] GET /ws → 200 (1ms)
[startup] Aura Backend running on http://localhost:3000
[http] GET /ws → 200 (0ms)
[http] GET /ws → 200 (0ms)
[http] GET /ws → 200 (0ms)
[http] GET /users → 200 (13ms)
[http] GET /ws → 200 (1ms)
[http] GET /users → 200 (1ms)
[http] GET /ws → 200 (0ms)
[startup] Aura Backend running on http://localhost:3000
[startup] Aura Backend running on http://localhost:3000
[http] GET /users → 200 (10ms)
[http] POST /users → 401 (1ms)
[startup] Aura Backend running on http://localhost:3000
[startup] Aura Backend running on http://localhost:3000
[startup] Aura Backend running on http://localhost:3000
[startup] Aura Backend running on http://localhost:3000
[http] POST /users → 201 (11ms)
[startup] Aura Backend running on http://localhost:3000
[startup] Aura Backend running on http://localhost:3000
[startup] Aura Backend running on http://localhost:3000
[startup] Aura Backend running on http://localhost:3000
[http] POST /users → 201 (8ms)
[http] POST /users → 201 (8ms)
[http] GET /users → 200 (12ms)
[http] GET /ws → 200 (2ms)
[http] GET /users → 200 (1ms)
[http] GET /ws → 200 (1ms)
[http] GET /ws → 200 (1ms)
[http] GET /ws → 200 (0ms)
[http] GET /health → 200 (1ms)
[http] GET /ws → 200 (0ms)
[http] GET /ws → 200 (1ms)
 7 | 
 8 | const PORT = parseInt(process.env.PORT ?? "3000", 10);
 9 | const USE_TLS = process.env.NODE_ENV !== "production"; // TLS for local dev (mixed-content fix)
10 | 
11 | const tlsOptions = USE_TLS ? {
12 |   key: readFileSync(join(import.meta.dir, "key.pem")),
            ^
ENOENT: no such file or directory, open '/Users/sergio/aura-apps/apps/backend/src/key.pem'
    path: "/Users/sergio/aura-apps/apps/backend/src/key.pem",
 syscall: "open",
   errno: -2,
    code: "ENOENT"

      at /Users/sergio/aura-apps/apps/backend/src/serve.ts:12:8
[startup] Aura Backend running on https://localhost:3000
[http] GET /health → 200 (0ms)
