
  VITE v6.4.3  ready in 121 ms

  ➜  Local:   http://localhost:5174/
  ➜  Network: http://192.168.15.7:5174/
8:45:53 PM [vite] (client) hmr update /src/screens/FeedScreen.tsx
11:45:39 PM [vite] (client) hmr update /src/screens/FeedScreen.tsx
11:13:11 AM [vite] (client) hmr update /src/screens/ProfileScreen.tsx
11:13:16 AM [vite] (client) hmr update /src/screens/ProfileScreen.tsx
11:13:27 AM [vite] (client) hmr update /src/screens/ProfileScreen.tsx
11:13:42 AM [vite] (client) hmr update /src/screens/ProfileScreen.tsx
3:01:59 PM [vite] (client) hmr update /src/screens/ProfileScreen.tsx
3:01:59 PM [vite] (client) hmr update /src/screens/ProfileScreen.tsx
3:01:59 PM [vite] vite.config.ts changed, restarting server...
3:01:59 PM [vite] (client) hmr update /src/App.tsx
3:01:59 PM [vite] (client) hmr update /src/screens/PublicCardScreen.tsx, /src/screens/ProfileScreen.tsx
3:01:59 PM [vite] (client) hmr update /src/index.css
3:01:59 PM [vite] (client) hmr update /src/components/ShareableCard.tsx
3:01:59 PM [vite] (client) hmr update /src/screens/FeedScreen.tsx
3:01:59 PM [vite] (client) hmr update /src/screens/HomeScreen.tsx
3:01:59 PM [vite] (client) page reload src/main.tsx
3:01:59 PM [vite] (client) hmr update /src/screens/PublicCardScreen.tsx
3:01:59 PM [vite] (client) hmr update /src/screens/FeedScreen.tsx
3:01:59 PM [vite] (client) hmr update /src/screens/HomeScreen.tsx, /src/screens/ProfileScreen.tsx
3:01:59 PM [vite] (client) hmr update /src/screens/PublicCardScreen.tsx, /src/screens/ProfileScreen.tsx
3:01:59 PM [vite] (client) hmr update /src/screens/ProfileScreen.tsx
3:01:59 PM [vite] server restarted.
